PS C:\Users\user> cd C:\Users\user\Desktop\課題用フォルダ


    ディレクトリ: C:\Users\user\Desktop\課題用フォルダ


Mode                 LastWriteTime         Length Name                                                     
----                 -------------         ------ ----                                                     
d-----        2024/06/01     21:14                git_challenge                                            


PS C:\Users\user\Desktop\課題用フォルダ> cd C:\Users\user\Desktop\課題用フォルダ\git_challenge
PS C:\Users\user\Desktop\課題用フォルダ\git_challenge> git init
Initialized empty Git repository in C:/Users/user/Desktop/隱ｲ鬘檎畑繝輔か繝ｫ繝/git_challenge/.git/        
PS C:\Users\user\Desktop\課題用フォルダ\git_challenge> echo "Hello,world！" >> hello_world.txt
PS C:\Users\user\Desktop\課題用フォルダ\git_challenge> git add hello_world.txt
PS C:\Users\user\Desktop\課題用フォルダ\git_challenge> git status
On branch main

No commits yet

Changes to be committed:
  (use "git rm --cached <file>..." to unstage)
        new file:   hello_world.txt

PS C:\Users\user\Desktop\課題用フォルダ\git_challenge> git commit -m "最初のコミット"
[main (root-commit) 7829c84] 譛蛻昴・繧ｳ繝溘ャ繝
 1 file changed, 0 insertions(+), 0 deletions(-)
 create mode 100644 hello_world.txt
PS C:\Users\user\Desktop\課題用フォルダ\git_challenge> echo "こんにちは、世界！" >> hello_world.txt        
PS C:\Users\user\Desktop\課題用フォルダ\git_challenge> git add hello_world.txt
PS C:\Users\user\Desktop\課題用フォルダ\git_challenge> git status
On branch main
Changes to be committed:
  (use "git restore --staged <file>..." to unstage)
        modified:   hello_world.txt

PS C:\Users\user\Desktop\課題用フォルダ\git_challenge> git commit -m "二回目のコミット"
[main b9f6e8d] 莠悟屓逶ｮ縺ｮ繧ｳ繝溘ャ繝
 1 file changed, 0 insertions(+), 0 deletions(-)
PS C:\Users\user\Desktop\課題用フォルダ\git_challenge> git log
commit b9f6e8d4394a62b38156ef11f1b7d0e997594aa5 (HEAD -> main)
Author: masayan01 <masamasamasa0806@icloud.com>
Date:   Sat Jun 1 21:18:27 2024 +0900

    二回目のコミット

commit 7829c84017abdac539fd7887a88dd53fc880f97e
Author: masayan01 <masamasamasa0806@icloud.com>
Date:   Sat Jun 1 21:16:27 2024 +0900

    最初のコミット